<!DOCTYPE html>
<html lang="en">
<head>
    <title>Elephant Carpaccio</title>
    <meta charset="UTF-8"/>
    <meta name="description" content="Learn and have fun playing Elephant Carpaccio!" lang="en"/>
    
    <meta name="viewport" content="width=device-width, initial-scale=1">

    
    <link href="//fonts.googleapis.com/css?family=Raleway:400,300,600" rel="stylesheet" type="text/css">

    <link rel="stylesheet" href="/static/css/normalize.css">
    <link rel="stylesheet" href="/static/css/skeleton.css">
</head>
<body>
    <main>
<div class="container">
    <div class="row">
        <form class="eight columns">
            <div>
                <label for="teamName">Team name</label>
                <input class="u-full-width" id="teamName">
            </div>
            <input class="button" type="submit" value="Register">
        </form>
        <table class="four columns">
            <thead>
            <tr>
                <th>Registered Teams</th>
            </tr>
            </thead>
            <tbody>
            
                <tr>
                    <td>A Team</td>
                </tr> 
            
                <tr>
                    <td>The fantastic four</td>
                </tr> 
            
            </tbody>
        </table>
    </div>
    <div class="row">
        <a class="button button-primary u-full-width" href="">Start Game</a>
    </div>
</div>
</main>
    <footer class="twelve columns">
        <a href="https://docs.google.com/document/d/1Ls6pTmhY_LV8LwFiboUXoFXenXZl0qVZWPZ8J4uoqpI/edit#heading=h.oyitr9asho0e" target="_blank">Elephant Carpaccio exercise handout</a>
        &nbsp;&nbsp;&nbsp;
        <a href="https://docs.google.com/document/u/1/d/1TCuuu-8Mm14oxsOnlk8DqfZAA1cvtYu9WGv67Yj_sSk/pub" target="_blank">Facilitation guide</a>
    </footer>
</body>
</html>