<<top template>>
<div class="container">
    <div class="row">
        <form class="eight columns" method="post">
            <div>
                <label for="teamName">Team name</label>
                <input class="u-full-width" id="teamName" name="teamName">
            </div>
            <input class="button" type="submit" value="Register">
        </form>
        <table class="four columns">
            <thead>
            <tr>
                <th>Registered Teams</th>
            </tr>
            </thead>
            <tbody>
            
                <tr>
                    <td>A Team</td>
                </tr> 
            
                <tr>
                    <td>The fantastic four</td>
                </tr> 
            
            </tbody>
        </table>
    </div>
    <div class="row">
        <a class="button button-primary u-full-width" href="/">Start Game</a>
    </div>
</div>
<<footer template>>