<<top template>>
<div class="container">
    <h2 class="u-text-center">A Team</h2>
    <table class="u-full-width">
        <thead>
        <tr>
            <th class="compact">Nb of items</th>
            <th class="compact">Item Price</th>
            <th class="compact">State</th>
        </tr>
        <tr>
            <th class="compact">12.00</th>
            <th class="compact">$123.00</th>
            <th class="compact">UT</th>
        </tr>
        <tbody>
        <tr>
            <td class="u-text-right compact" colspan="2">Order Value</td>
            <td class="u-text-right compact">$1,476.00</td>
        </tr>
        <tr>
            <td class="u-text-right compact" colspan="2">Discount (3.00%)</td>
            <td class="u-text-right compact">$44.28</td>
        </tr>
        <tr>
            <td class="u-text-right compact" colspan="2">Tax (6.85%)</td>
            <td class="u-text-right compact">$98.07</td>
        </tr>
        <tr>
            <td class="u-text-right compact" colspan="2">Taxed Order Value</td>
            <td class="u-text-right compact">$1,577.11</td>
        </tr>
        <tr>
            <td class="u-text-right compact" colspan="2"><strong>Total Price</strong></td>
            <td class="u-text-right compact"><strong>$1,529.79</strong></td>
        </tr>
        </tbody>
    </table>
    <form method="get">
        <div class="row">
            <label class="inline"><input type="radio" name="state" value="" checked><span
                        class="label-body">Random</span></label>
            <label class="inline"><input type="radio" name="state" value="0"><span class="label-body">UT</span></label>
            <label class="inline"><input type="radio" name="state" value="1"><span class="label-body">NV</span></label>
            <label class="inline"><input type="radio" name="state" value="2"><span class="label-body">TX</span></label>
            <label class="inline"><input type="radio" name="state" value="3"><span class="label-body">AL</span></label>
            <label class="inline"><input type="radio" name="state" value="4"><span class="label-body">CA</span></label>
        </div>
        <div class="row">
            <label class="inline"><input type="radio" name="discount" value="" checked><span
                        class="label-body">Random</span></label>
            <label class="inline"><input type="radio" name="discount" value="0"><span
                        class="label-body">0%</span></label>
            <label class="inline"><input type="radio" name="discount" value="1"><span
                        class="label-body">3%</span></label>
            <label class="inline"><input type="radio" name="discount" value="2"><span
                        class="label-body">5%</span></label>
            <label class="inline"><input type="radio" name="discount" value="3"><span
                        class="label-body">7%</span></label>
            <label class="inline"><input type="radio" name="discount" value="4"><span
                        class="label-body">10%</span></label>
            <label class="inline"><input type="radio" name="discount" value="5"><span
                        class="label-body">15%</span></label>
        </div>
        <input class="button-primary u-full-width" type="submit" value="New Sample">
    </form>
    <form method="post">
        <div class="row">
            <table class="u-full-width">
                <caption>Witch user stories are done?</caption>
                <thead>
                <tr>
                    <th class="compact">User Story</th>
                    <th class="compact">Done?</th>
                </tr>
                </thead>
                <tbody>
                
                    <tr>
                        <td class="compact">Hello World</td>
                        <td class="compact">
                            <label>
                                <input type="checkbox" value="EC-001" id="EC-001" name="Done"
                                       checked>
                            </label>
                        </td>
                    </tr>
                
                    <tr>
                        <td class="compact">Can fill parameters</td>
                        <td class="compact">
                            <label>
                                <input type="checkbox" value="EC-002" id="EC-002" name="Done"
                                       checked>
                            </label>
                        </td>
                    </tr>
                
                    <tr>
                        <td class="compact">Compute order value without tax</td>
                        <td class="compact">
                            <label>
                                <input type="checkbox" value="EC-003" id="EC-003" name="Done"
                                       checked>
                            </label>
                        </td>
                    </tr>
                
                    <tr>
                        <td class="compact">Can handle float for &#39;number of items&#39; AND &#39;price by item&#39;</td>
                        <td class="compact">
                            <label>
                                <input type="checkbox" value="EC-004" id="EC-004" name="Done"
                                       checked>
                            </label>
                        </td>
                    </tr>
                
                    <tr>
                        <td class="compact">Tax for UT</td>
                        <td class="compact">
                            <label>
                                <input type="checkbox" value="EC-005" id="EC-005" name="Done"
                                       checked>
                            </label>
                        </td>
                    </tr>
                
                    <tr>
                        <td class="compact">Tax for NV</td>
                        <td class="compact">
                            <label>
                                <input type="checkbox" value="EC-006" id="EC-006" name="Done"
                                       checked>
                            </label>
                        </td>
                    </tr>
                
                    <tr>
                        <td class="compact">Tax for TX</td>
                        <td class="compact">
                            <label>
                                <input type="checkbox" value="EC-007" id="EC-007" name="Done"
                                       checked>
                            </label>
                        </td>
                    </tr>
                
                    <tr>
                        <td class="compact">Tax for AL</td>
                        <td class="compact">
                            <label>
                                <input type="checkbox" value="EC-008" id="EC-008" name="Done"
                                       checked>
                            </label>
                        </td>
                    </tr>
                
                    <tr>
                        <td class="compact">Tax for CA</td>
                        <td class="compact">
                            <label>
                                <input type="checkbox" value="EC-009" id="EC-009" name="Done"
                                       >
                            </label>
                        </td>
                    </tr>
                
                    <tr>
                        <td class="compact">15% Discount</td>
                        <td class="compact">
                            <label>
                                <input type="checkbox" value="EC-010" id="EC-010" name="Done"
                                       >
                            </label>
                        </td>
                    </tr>
                
                    <tr>
                        <td class="compact">10% Discount</td>
                        <td class="compact">
                            <label>
                                <input type="checkbox" value="EC-011" id="EC-011" name="Done"
                                       >
                            </label>
                        </td>
                    </tr>
                
                    <tr>
                        <td class="compact">7% Discount</td>
                        <td class="compact">
                            <label>
                                <input type="checkbox" value="EC-012" id="EC-012" name="Done"
                                       >
                            </label>
                        </td>
                    </tr>
                
                    <tr>
                        <td class="compact">5% Discount</td>
                        <td class="compact">
                            <label>
                                <input type="checkbox" value="EC-013" id="EC-013" name="Done"
                                       >
                            </label>
                        </td>
                    </tr>
                
                    <tr>
                        <td class="compact">3% Discount</td>
                        <td class="compact">
                            <label>
                                <input type="checkbox" value="EC-014" id="EC-014" name="Done"
                                       >
                            </label>
                        </td>
                    </tr>
                
                    <tr>
                        <td class="compact">Can handle rounding for result (two digits after the decimal point)</td>
                        <td class="compact">
                            <label>
                                <input type="checkbox" value="EC-015" id="EC-015" name="Done"
                                       >
                            </label>
                        </td>
                    </tr>
                
                    <tr>
                        <td class="compact">Prompts are clear. Display currency</td>
                        <td class="compact">
                            <label>
                                <input type="checkbox" value="EC-016" id="EC-016" name="Done"
                                       >
                            </label>
                        </td>
                    </tr>
                
                    <tr>
                        <td class="compact">Display details (order value, tax, discount</td>
                        <td class="compact">
                            <label>
                                <input type="checkbox" value="EC-017" id="EC-017" name="Done"
                                       >
                            </label>
                        </td>
                    </tr>
                
                    <tr>
                        <td class="compact">Do not have to re-launch the application for each test</td>
                        <td class="compact">
                            <label>
                                <input type="checkbox" value="EC-018" id="EC-018" name="Done"
                                       >
                            </label>
                        </td>
                    </tr>
                
                </tbody>
            </table>
            <input class="button-primary u-full-width" type="submit" value="Validate Demo">
        </div>
    </form>
</div>
<<footer template>>