<!DOCTYPE html>
<html lang="en">
<head>
    <title>Elephant Carpaccio</title>
    <meta charset="UTF-8"/>
    <meta name="description" content="Learn and have fun playing Elephant Carpaccio!" lang="en"/>
    
    <meta name="viewport" content="width=device-width, initial-scale=1">

    
    <link href="//fonts.googleapis.com/css?family=Raleway:400,300,600" rel="stylesheet" type="text/css">

    
    <link rel="stylesheet" href="/static/css/normalize.css">
    <link rel="stylesheet" href="/static/css/skeleton.css">
    <link rel="stylesheet" href="/static/css/custom.css">

    
    <link rel="icon" href="/static/img/elephant-carpaccio.svg">
</head>
<body>
<nav role="navigation">
    <div class="container">
        <h1>
            <img class="title-img" src="/static/img/elephant-carpaccio.svg" alt="elephant carpaccio image">
            Elephant Carpaccio
        </h1>
        <a href="/">home</a>
        &nbsp;&nbsp;&nbsp;
        <a href="/register">teams registration</a>
        &nbsp;&nbsp;&nbsp;
        <a href="/demo">demo scoring</a>
    </div>
</nav>
<main>
<div class="container">
    <div class="row">
        <table class="four columns">
            <caption>Discount</caption>
            <thead>
            <tr>
                <th>Order Value</th>
                <th>Discount Rate</th>
            </tr>
            </thead>
            <tbody>
            <tr>
                <td>$1.000</td>
                <td>3.00%</td>
            </tr>
            <tr>
                <td>$5.000</td>
                <td>5.00%</td>
            </tr>
            <tr>
                <td>$7.000</td>
                <td>7.00%</td>
            </tr>
            <tr>
                <td>$10.000</td>
                <td>10.00%</td>
            </tr>
            <tr>
                <td>$50.000</td>
                <td>15.00%</td>
            </tr>
            </tbody>
        </table>
        <table class="two columns">
            <caption>Tax</caption>
            <thead>
            <tr>
                <th>State</th>
                <th>Tax</th>
            </tr>
            </thead>
            <tbody>
            <tr>
                <td>UT</td>
                <td>6.85%</td>
            </tr>
            <tr>
                <td>NV</td>
                <td>8.00%</td>
            </tr>
            <tr>
                <td>TX</td>
                <td>6.25%</td>
            </tr>
            <tr>
                <td>AL</td>
                <td>4.00%</td>
            </tr>
            <tr>
                <td>CA</td>
                <td>8.25%</td>
            </tr>
            </tbody>
        </table>
        <div class="six columns">
            <canvas id="iterationScores"></canvas>
        </div>
    </div>
</div>

<script src="/static/lib/chart.js"></script>
<script>

    const ctx = document.getElementById('iterationScores');

    chart = new Chart(ctx, {
        type: 'line',
        data: {
            labels: ['IT0','IT1', 'IT2', 'IT3', 'IT4', 'IT5', 'IT6'],
            datasets: [
                {
                    label: 'ideal',
                    data: [0,3,9,14,17,18,19],
                    borderWidth: 1,
                    tension: 0.5,
                    borderDash: [10,5]
                },
                
                {
                    label: 'A Team',
                    data: [0, 3 , 5 , 8 ],
                    borderWidth: 1,
                    tension: 0.5
                },
                
                {
                    label: 'The fantastic four',
                    data: [0, 3 , 5 , 8 ],
                    borderWidth: 1,
                    tension: 0.5
                },
                
            ],
        },
        options: {
            aspectRatio:1 
        }
    });

</script>
</main>
<div class="container">
    <footer class="twelve columns">
        <a href="https://docs.google.com/document/d/1Ls6pTmhY_LV8LwFiboUXoFXenXZl0qVZWPZ8J4uoqpI/edit#heading=h.oyitr9asho0e" target="_blank">Elephant Carpaccio exercise handout</a>
        &nbsp;&nbsp;&nbsp;
        <a href="https://docs.google.com/document/u/1/d/1TCuuu-8Mm14oxsOnlk8DqfZAA1cvtYu9WGv67Yj_sSk/pub" target="_blank">Facilitation guide</a>
        &nbsp;&nbsp;&nbsp;
        Elephant icon by Kevin from <a href="https://thenounproject.com/browse/icons/term/elephant/" target="_blank" title="Elephant Icons">Noun Project</a> (CC BY 3.0)
    </footer>
</div>
</body>
</html>